    Updating crates.io index
 Downloading crates ...
  Downloaded time-core v0.1.8
  Downloaded num-conv v0.2.1
  Downloaded time-macros v0.2.27
  Downloaded serde_core v1.0.228
  Downloaded itoa v1.0.18
  Downloaded digest v0.10.7
  Downloaded time v0.3.47
  Downloaded serde v1.0.228
  Downloaded sha2 v0.10.9
  Downloaded generic-array v0.14.7
  Downloaded version_check v0.9.5
  Downloaded unicode-ident v1.0.24
  Downloaded ryu v1.0.23
  Downloaded cfg-if v1.0.4
  Downloaded zmij v1.0.21
  Downloaded memchr v2.8.0
  Downloaded percent-encoding v2.3.2
  Downloaded lazy_static v1.5.0
  Downloaded hashbrown v0.17.1
  Downloaded aho-corasick v1.1.4
  Downloaded parking_lot_core v0.9.12
  Downloaded windows-link v0.2.1
  Downloaded powerfmt v0.2.0
  Downloaded serde_yaml v0.9.34+deprecated
  Downloaded indexmap v2.14.0
  Downloaded block-buffer v0.10.4
  Downloaded cpufeatures v0.2.17
  Downloaded uuid-simd v0.8.0
  Downloaded outref v0.5.2
  Downloaded regex-syntax v0.8.10
  Downloaded parking_lot v0.12.5
  Downloaded smallvec v1.15.1
  Downloaded bitflags v2.11.1
  Downloaded lock_api v0.4.14
  Downloaded icu_properties v2.2.0
  Downloaded zerofrom-derive v0.1.7
  Downloaded stable_deref_trait v1.2.1
  Downloaded bit-set v0.8.0
  Downloaded serde_derive v1.0.228
  Downloaded quote v1.0.45
  Downloaded proc-macro2 v1.0.106
  Downloaded deranged v0.5.8
  Downloaded vsimd v0.8.0
  Downloaded redox_syscall v0.5.18
  Downloaded scopeguard v1.2.0
  Downloaded wasm-bindgen-shared v0.2.121
  Downloaded wasm-bindgen-macro v0.2.121
  Downloaded borrow-or-share v0.2.4
  Downloaded num-cmp v0.1.0
  Downloaded idna_adapter v1.2.2
  Downloaded zerovec-derive v0.11.3
  Downloaded zerofrom v0.1.8
  Downloaded yoke-derive v0.8.2
  Downloaded potential_utf v0.1.5
  Downloaded num v0.4.3
  Downloaded num-iter v0.1.45
  Downloaded bit-vec v0.8.0
  Downloaded equivalent v1.0.2
  Downloaded crypto-common v0.1.7
  Downloaded ref-cast v1.0.25
  Downloaded ref-cast-impl v1.0.25
  Downloaded autocfg v1.5.0
  Downloaded utf8_iter v1.0.4
  Downloaded synstructure v0.13.2
  Downloaded displaydoc v0.2.5
  Downloaded writeable v0.6.3
  Downloaded tinystr v0.8.3
  Downloaded icu_normalizer v2.2.0
  Downloaded email_address v0.2.9
  Downloaded data-encoding v2.11.0
  Downloaded bytecount v0.6.9
  Downloaded csv-core v0.1.13
  Downloaded micromap v0.3.0
  Downloaded foldhash v0.2.0
  Downloaded allocator-api2 v0.2.21
  Downloaded rustversion v1.0.22
  Downloaded wit-bindgen v0.57.1
  Downloaded num-rational v0.4.2
  Downloaded num-integer v0.1.46
  Downloaded r-efi v5.3.0
  Downloaded num-traits v0.2.19
  Downloaded yoke v0.8.2
  Downloaded zerotrie v0.2.4
  Downloaded icu_locale_core v2.2.0
  Downloaded litemap v0.8.2
  Downloaded unicode-general-category v1.1.0
  Downloaded referencing v0.46.5
  Downloaded getrandom v0.3.4
  Downloaded once_cell v1.21.4
  Downloaded fluent-uri v0.4.1
  Downloaded ahash v0.8.12
  Downloaded icu_provider v2.2.0
  Downloaded icu_normalizer_data v2.2.0
  Downloaded num-complex v0.4.6
  Downloaded unsafe-libyaml v0.2.11
  Downloaded wasm-bindgen v0.2.121
  Downloaded bumpalo v3.20.2
  Downloaded zerocopy-derive v0.8.48
  Downloaded zerovec v0.11.6
  Downloaded icu_collections v2.2.0
  Downloaded wasm-bindgen-macro-support v0.2.121
  Downloaded js-sys v0.3.98
  Downloaded fraction v0.15.4
  Downloaded num-bigint v0.4.6
  Downloaded typenum v1.20.0
  Downloaded wasip2 v1.0.3+wasi-0.2.9
  Downloaded idna v1.1.0
  Downloaded jsonschema v0.46.5
  Downloaded regex v1.12.3
  Downloaded hashbrown v0.16.1
  Downloaded icu_properties_data v2.2.0
  Downloaded serde_json v1.0.149
  Downloaded fancy-regex v0.18.0
  Downloaded syn v2.0.117
  Downloaded zerocopy v0.8.48
  Downloaded regex-automata v0.4.14
  Downloaded libc v0.2.186
  Downloaded csv v1.4.0
