   Compiling proc-macro2 v1.0.106
   Compiling unicode-ident v1.0.24
   Compiling quote v1.0.45
   Compiling stable_deref_trait v1.2.1
   Compiling version_check v0.9.5
   Compiling autocfg v1.5.0
   Compiling serde_core v1.0.228
   Compiling memchr v2.8.0
   Compiling num-traits v0.2.19
   Compiling serde v1.0.228
   Compiling syn v2.0.117
   Compiling libc v0.2.186
   Compiling cfg-if v1.0.4
   Compiling smallvec v1.15.1
   Compiling writeable v0.6.3
   Compiling litemap v0.8.2
   Compiling num-integer v0.1.46
   Compiling generic-array v0.14.7
   Compiling icu_properties_data v2.2.0
   Compiling utf8_iter v1.0.4
   Compiling icu_normalizer_data v2.2.0
   Compiling itoa v1.0.18
   Compiling ref-cast v1.0.25
   Compiling equivalent v1.0.2
   Compiling zmij v1.0.21
   Compiling zerocopy v0.8.48
   Compiling parking_lot_core v0.9.12
   Compiling getrandom v0.3.4
   Compiling typenum v1.20.0
   Compiling num-bigint v0.4.6
   Compiling aho-corasick v1.1.4
   Compiling synstructure v0.13.2
   Compiling zerofrom-derive v0.1.7
   Compiling yoke-derive v0.8.2
   Compiling zerovec-derive v0.11.3
   Compiling zerofrom v0.1.8
   Compiling displaydoc v0.2.5
   Compiling yoke v0.8.2
   Compiling serde_derive v1.0.228
   Compiling ref-cast-impl v1.0.25
   Compiling zerotrie v0.2.4
   Compiling zerovec v0.11.6
   Compiling ahash v0.8.12
   Compiling serde_json v1.0.149
   Compiling scopeguard v1.2.0
   Compiling regex-syntax v0.8.10
   Compiling lock_api v0.4.14
   Compiling tinystr v0.8.3
   Compiling potential_utf v0.1.5
   Compiling icu_locale_core v2.2.0
   Compiling icu_collections v2.2.0
   Compiling num-rational v0.4.2
   Compiling icu_provider v2.2.0
   Compiling regex-automata v0.4.14
   Compiling icu_normalizer v2.2.0
   Compiling icu_properties v2.2.0
   Compiling num-iter v0.1.45
   Compiling num-complex v0.4.6
   Compiling unicode-general-category v1.1.0
   Compiling foldhash v0.2.0
   Compiling borrow-or-share v0.2.4
   Compiling bit-vec v0.8.0
   Compiling allocator-api2 v0.2.21
   Compiling once_cell v1.21.4
   Compiling bit-set v0.8.0
   Compiling hashbrown v0.16.1
   Compiling fluent-uri v0.4.1
   Compiling num v0.4.3
   Compiling idna_adapter v1.2.2
   Compiling parking_lot v0.12.5
   Compiling crypto-common v0.1.7
   Compiling block-buffer v0.10.4
   Compiling vsimd v0.8.0
   Compiling powerfmt v0.2.0
   Compiling percent-encoding v2.3.2
   Compiling outref v0.5.2
   Compiling micromap v0.3.0
   Compiling lazy_static v1.5.0
   Compiling ryu v1.0.23
   Compiling hashbrown v0.17.1
   Compiling fraction v0.15.4
   Compiling uuid-simd v0.8.0
   Compiling referencing v0.46.5
   Compiling indexmap v2.14.0
   Compiling deranged v0.5.8
   Compiling digest v0.10.7
   Compiling idna v1.1.0
   Compiling fancy-regex v0.18.0
   Compiling regex v1.12.3
   Compiling email_address v0.2.9
   Compiling csv-core v0.1.13
   Compiling num-conv v0.2.1
   Compiling data-encoding v2.11.0
   Compiling cpufeatures v0.2.17
   Compiling num-cmp v0.1.0
   Compiling unsafe-libyaml v0.2.11
   Compiling time-core v0.1.8
   Compiling bytecount v0.6.9
   Compiling jsonschema v0.46.5
   Compiling serde_yaml v0.9.34+deprecated
   Compiling time v0.3.47
   Compiling sha2 v0.10.9
   Compiling csv v1.4.0
   Compiling opencem-core v0.1.0 (/home/runner/work/_temp/togi-external-dogfood.jLDhYM/target/crates/opencem-core)
   Compiling opencem-labtrace v0.1.0 (/home/runner/work/_temp/togi-external-dogfood.jLDhYM/target/crates/opencem-labtrace)
   Compiling opencem-cli v0.1.0 (/home/runner/work/_temp/togi-external-dogfood.jLDhYM/target/crates/opencem-cli)
    Finished `test` profile [unoptimized + debuginfo] target(s) in 27.71s
     Running unittests src/main.rs (target/debug/deps/opencem-9c8a63298158a310)
     Running tests/cli_workflow.rs (target/debug/deps/cli_workflow-275f7ebe4ce017ce)
     Running unittests src/lib.rs (target/debug/deps/opencem_core-2e624363fb18ef9f)
     Running unittests src/lib.rs (target/debug/deps/opencem_labtrace-24362a1b550e7f41)
   Doc-tests opencem_core
   Doc-tests opencem_labtrace
